
sidebar content: MOCK_SIDEBAR_CONTENT
browser variables: ${c.name}
